// Jest Snapshot v1, https://goo.gl/fbAQLP

exports[`with invalid title expect to render  1`] = `ShallowWrapper {}`;

exports[`with valid title expect to render  1`] = `ShallowWrapper {}`;
